=== Ornith-1.5-9B Q8_0 @K200 六条验收 (8090, max_tokens=48) 开始 2026-09-21 13:09:34 ===

########## Q1: 你好
回复原文: 你好！有什么我可以帮你的吗？😊
[9 tok, 71.4s, 0.126 tok/s, server_k200={'gen_secs': 71.39, 'wall_secs': 71.39, 'tok_per_s': 0.1261, 'prompt_chars': 71, 'nothink': True}]

########## Q2: 1+1等于几
回复原文: 1+1=2

这是一个最基本的数学问题，答案是2。😊

如果你有其他数学问题或者需要帮助的地方，随时可以问我！
[29 tok, 149.5s, 0.194 tok/s, server_k200={'gen_secs': 149.46, 'wall_secs': 149.46, 'tok_per_s': 0.194, 'prompt_chars': 75, 'nothink': True}]

########## Q3: 用三句话解释什么是光合作用
回复原文: # 光合作用

**光合作用**是绿色植物、藻类和某些细菌利用光能，将二氧化碳和水转化为有机物（如葡萄糖）并释放氧气的过程。

**核心反应**：植物通过叶绿体中的叶绿素捕获
[48 tok, 282.7s, 0.17 tok/s, server_k200={'gen_secs': 211.24, 'wall_secs': 282.68, 'tok_per_s': 0.2272, 'prompt_chars': 82, 'nothink': True}]

########## Q4: 把“今天天气不错，我们出去走走吧”翻译成英文
回复原文: # 翻译

**"The weather is nice today, let's go out for a walk."**

## 其他表达方式

**更自然的口语说法：**
- "It's a nice day out, let's go for a
[48 tok, 234.0s, 0.205 tok/s, server_k200={'gen_secs': 233.99, 'wall_secs': 234.0, 'tok_per_s': 0.2051, 'prompt_chars': 91, 'nothink': True}]

########## Q5: 写一个Python函数输入整数列表返回最大值索引(只给代码)
回复原文: ```python
def max_index(nums):
    return nums.index(max(nums))
```

如果列表可能为空，建议加上判断：

```python
def max_index(nums):
    if not nums:
        raise ValueError("
[48 tok, 256.7s, 0.187 tok/s, server_k200={'gen_secs': 256.67, 'wall_secs': 256.67, 'tok_per_s': 0.187, 'prompt_chars': 99, 'nothink': True}]

########## Q6: 我明天要交一份季度税务报告，列5条检查清单
回复原文: # 季度税务报告检查清单

以下是5条关键检查项，帮助你确保报告准确完整：

## 1. 收入数据核对
- 确认所有季度收入已正确记录
- 核对银行流水与账面
[48 tok, 237.3s, 0.202 tok/s, server_k200={'gen_secs': 237.31, 'wall_secs': 237.31, 'tok_per_s': 0.2023, 'prompt_chars': 90, 'nothink': True}]

=== 完成: 6/6 条拿到非空回复 2026-09-21 13:30:06 ===
